{"timestamp":"2025-12-26T11:47:54.780Z","event":"admin_doctors_listed","userId":"7d145711-c273-4189-9bfb-c8cff8690f29","ip":"::1","details":{"count":3}}
{"timestamp":"2025-12-26T11:48:04.700Z","event":"admin_users_listed","userId":"7d145711-c273-4189-9bfb-c8cff8690f29","ip":"::1","details":{"count":8}}
{"timestamp":"2025-12-26T11:48:13.822Z","event":"admin_doctors_listed","userId":"7d145711-c273-4189-9bfb-c8cff8690f29","ip":"::1","details":{"count":3}}
{"timestamp":"2025-12-26T11:48:14.312Z","event":"admin_patients_listed","userId":"7d145711-c273-4189-9bfb-c8cff8690f29","ip":"::1","details":{"count":3}}
{"timestamp":"2025-12-26T11:48:31.604Z","event":"admin_patients_listed","userId":"7d145711-c273-4189-9bfb-c8cff8690f29","ip":"::1","details":{"count":3}}
{"timestamp":"2025-12-26T12:07:01.419Z","event":"admin_patients_listed","userId":"7d145711-c273-4189-9bfb-c8cff8690f29","ip":"::1","details":{"count":3}}
{"timestamp":"2025-12-26T12:07:01.433Z","event":"admin_doctors_listed","userId":"7d145711-c273-4189-9bfb-c8cff8690f29","ip":"::1","details":{"count":3}}
{"timestamp":"2025-12-26T12:07:51.986Z","event":"doctor_patients_listed","userId":"eb231f49-d2a3-42bf-9982-fa15b7d26d87","ip":"::1","details":{"count":1}}
{"timestamp":"2025-12-26T12:08:08.737Z","event":"doctor_patients_listed","userId":"eb231f49-d2a3-42bf-9982-fa15b7d26d87","ip":"::1","details":{"count":1}}
{"timestamp":"2025-12-26T12:08:11.987Z","event":"doctor_patients_listed","userId":"eb231f49-d2a3-42bf-9982-fa15b7d26d87","ip":"::1","details":{"count":1}}
{"timestamp":"2025-12-26T12:08:18.825Z","event":"doctor_patients_listed","userId":"eb231f49-d2a3-42bf-9982-fa15b7d26d87","ip":"::1","details":{"count":1}}
{"timestamp":"2025-12-26T12:08:19.593Z","event":"doctor_patients_listed","userId":"eb231f49-d2a3-42bf-9982-fa15b7d26d87","ip":"::1","details":{"count":1}}
{"timestamp":"2025-12-26T12:08:21.802Z","event":"doctor_patients_listed","userId":"eb231f49-d2a3-42bf-9982-fa15b7d26d87","ip":"::1","details":{"count":1}}
{"timestamp":"2025-12-26T12:08:40.106Z","event":"doctor_patients_listed","userId":"eb231f49-d2a3-42bf-9982-fa15b7d26d87","ip":"::1","details":{"count":1}}
{"timestamp":"2025-12-26T12:08:44.345Z","event":"doctor_patients_listed","userId":"eb231f49-d2a3-42bf-9982-fa15b7d26d87","ip":"::1","details":{"count":1}}
{"timestamp":"2025-12-26T12:08:46.424Z","event":"doctor_patients_listed","userId":"eb231f49-d2a3-42bf-9982-fa15b7d26d87","ip":"::1","details":{"count":1}}
{"timestamp":"2025-12-26T12:09:28.818Z","event":"admin_patients_listed","userId":"7d145711-c273-4189-9bfb-c8cff8690f29","ip":"::1","details":{"count":3}}
{"timestamp":"2025-12-26T12:09:48.439Z","event":"patient_dashboard_stats_viewed","userId":"49ce903a-6128-44a9-aa39-0c00b2f8b8da","ip":"::1","details":{"patientId":"c912cfcf-d4d9-4c0c-ac0e-d8652a4749a9"}}
{"timestamp":"2025-12-26T12:10:16.804Z","event":"patient_chats_listed","userId":"49ce903a-6128-44a9-aa39-0c00b2f8b8da","ip":"::1","details":{"chatCount":0}}
{"timestamp":"2025-12-26T12:10:16.846Z","event":"patient_chats_listed","userId":"49ce903a-6128-44a9-aa39-0c00b2f8b8da","ip":"::1","details":{"chatCount":0}}
{"timestamp":"2025-12-26T12:10:19.387Z","event":"patient_chats_listed","userId":"49ce903a-6128-44a9-aa39-0c00b2f8b8da","ip":"::1","details":{"chatCount":0}}
{"timestamp":"2025-12-26T12:10:22.316Z","event":"patient_chats_listed","userId":"49ce903a-6128-44a9-aa39-0c00b2f8b8da","ip":"::1","details":{"chatCount":0}}
{"timestamp":"2025-12-26T12:10:23.831Z","event":"doctor_patients_listed","userId":"eb231f49-d2a3-42bf-9982-fa15b7d26d87","ip":"::1","details":{"count":3}}
{"timestamp":"2025-12-26T12:11:29.309Z","event":"doctor_patients_listed","userId":"eb231f49-d2a3-42bf-9982-fa15b7d26d87","ip":"::1","details":{"count":1}}
{"timestamp":"2025-12-26T12:11:31.610Z","event":"doctor_patients_listed","userId":"eb231f49-d2a3-42bf-9982-fa15b7d26d87","ip":"::1","details":{"count":1}}
{"timestamp":"2025-12-26T12:11:36.376Z","event":"patient_chats_listed","userId":"49ce903a-6128-44a9-aa39-0c00b2f8b8da","ip":"::1","details":{"chatCount":0}}
{"timestamp":"2025-12-26T12:12:01.297Z","event":"admin_doctors_listed","userId":"7d145711-c273-4189-9bfb-c8cff8690f29","ip":"::1","details":{"count":3}}
{"timestamp":"2025-12-26T12:12:03.525Z","event":"admin_doctors_listed","userId":"7d145711-c273-4189-9bfb-c8cff8690f29","ip":"::1","details":{"count":3}}
{"timestamp":"2025-12-26T12:12:03.544Z","event":"admin_patients_listed","userId":"7d145711-c273-4189-9bfb-c8cff8690f29","ip":"::1","details":{"count":3}}
{"timestamp":"2025-12-26T12:12:12.710Z","event":"admin_patients_listed","userId":"7d145711-c273-4189-9bfb-c8cff8690f29","ip":"::1","details":{"count":3}}
{"timestamp":"2025-12-26T12:12:15.066Z","event":"admin_doctors_listed","userId":"7d145711-c273-4189-9bfb-c8cff8690f29","ip":"::1","details":{"count":3}}
{"timestamp":"2025-12-26T12:12:15.075Z","event":"admin_patients_listed","userId":"7d145711-c273-4189-9bfb-c8cff8690f29","ip":"::1","details":{"count":3}}
{"timestamp":"2025-12-26T12:12:18.304Z","event":"doctor_patients_listed","userId":"eb231f49-d2a3-42bf-9982-fa15b7d26d87","ip":"::1","details":{"count":2}}
{"timestamp":"2025-12-26T12:12:47.935Z","event":"doctor_patients_listed","userId":"eb231f49-d2a3-42bf-9982-fa15b7d26d87","ip":"::1","details":{"count":2}}
{"timestamp":"2025-12-26T12:12:58.481Z","event":"doctor_patients_listed","userId":"eb231f49-d2a3-42bf-9982-fa15b7d26d87","ip":"::1","details":{"count":2}}
{"timestamp":"2025-12-26T12:13:04.460Z","event":"doctor_patients_listed","userId":"eb231f49-d2a3-42bf-9982-fa15b7d26d87","ip":"::1","details":{"count":2}}
{"timestamp":"2025-12-26T12:14:48.700Z","event":"admin_patients_listed","userId":"7d145711-c273-4189-9bfb-c8cff8690f29","ip":"::1","details":{"count":3}}
{"timestamp":"2025-12-26T12:14:48.705Z","event":"admin_doctors_listed","userId":"7d145711-c273-4189-9bfb-c8cff8690f29","ip":"::1","details":{"count":3}}
{"timestamp":"2025-12-26T12:16:23.198Z","event":"doctor_results_viewed","userId":"eb231f49-d2a3-42bf-9982-fa15b7d26d87","ip":"::1","details":{"count":0}}
{"timestamp":"2025-12-26T12:16:31.295Z","event":"doctor_results_viewed","userId":"eb231f49-d2a3-42bf-9982-fa15b7d26d87","ip":"::1","details":{"count":0}}
{"timestamp":"2025-12-26T12:17:32.035Z","event":"doctor_results_viewed","userId":"eb231f49-d2a3-42bf-9982-fa15b7d26d87","ip":"::1","details":{"count":0}}
{"timestamp":"2025-12-26T12:17:52.821Z","event":"doctor_results_viewed","userId":"eb231f49-d2a3-42bf-9982-fa15b7d26d87","ip":"::1","details":{"count":0}}
{"timestamp":"2025-12-26T12:17:59.693Z","event":"doctor_results_viewed","userId":"eb231f49-d2a3-42bf-9982-fa15b7d26d87","ip":"::1","details":{"count":0}}
{"timestamp":"2025-12-26T12:18:00.646Z","event":"doctor_results_viewed","userId":"eb231f49-d2a3-42bf-9982-fa15b7d26d87","ip":"::1","details":{"count":0}}
{"timestamp":"2025-12-26T12:18:00.667Z","event":"doctor_results_viewed","userId":"eb231f49-d2a3-42bf-9982-fa15b7d26d87","ip":"::1","details":{"count":0}}
{"timestamp":"2025-12-26T12:18:09.345Z","event":"doctor_results_viewed","userId":"eb231f49-d2a3-42bf-9982-fa15b7d26d87","ip":"::1","details":{"count":0}}
{"timestamp":"2025-12-26T12:18:15.220Z","event":"doctor_results_viewed","userId":"eb231f49-d2a3-42bf-9982-fa15b7d26d87","ip":"::1","details":{"count":0}}
{"timestamp":"2025-12-26T12:18:26.447Z","event":"doctor_results_viewed","userId":"eb231f49-d2a3-42bf-9982-fa15b7d26d87","ip":"::1","details":{"count":0}}
{"timestamp":"2025-12-26T12:18:51.612Z","event":"admin_patients_listed","userId":"7d145711-c273-4189-9bfb-c8cff8690f29","ip":"::1","details":{"count":3}}
{"timestamp":"2025-12-26T12:18:54.250Z","event":"doctor_results_viewed","userId":"eb231f49-d2a3-42bf-9982-fa15b7d26d87","ip":"::1","details":{"count":0}}
{"timestamp":"2025-12-26T12:19:25.200Z","event":"doctor_results_viewed","userId":"eb231f49-d2a3-42bf-9982-fa15b7d26d87","ip":"::1","details":{"count":0}}
{"timestamp":"2025-12-26T12:20:50.532Z","event":"doctor_appointments_listed","userId":"eb231f49-d2a3-42bf-9982-fa15b7d26d87","ip":"::1","details":{"count":0}}
{"timestamp":"2025-12-26T12:21:03.251Z","event":"doctor_appointments_listed","userId":"eb231f49-d2a3-42bf-9982-fa15b7d26d87","ip":"::1","details":{"count":0}}
{"timestamp":"2025-12-26T12:21:08.961Z","event":"doctor_appointments_listed","userId":"eb231f49-d2a3-42bf-9982-fa15b7d26d87","ip":"::1","details":{"count":0}}
{"timestamp":"2025-12-26T12:21:10.854Z","event":"doctor_appointments_listed","userId":"eb231f49-d2a3-42bf-9982-fa15b7d26d87","ip":"::1","details":{"count":0}}
{"timestamp":"2025-12-26T12:21:10.873Z","event":"doctor_appointments_listed","userId":"eb231f49-d2a3-42bf-9982-fa15b7d26d87","ip":"::1","details":{"count":0}}
{"timestamp":"2025-12-26T12:21:42.043Z","event":"doctor_appointments_listed","userId":"eb231f49-d2a3-42bf-9982-fa15b7d26d87","ip":"::1","details":{"count":0}}
{"timestamp":"2025-12-26T12:21:44.605Z","event":"doctor_appointments_listed","userId":"eb231f49-d2a3-42bf-9982-fa15b7d26d87","ip":"::1","details":{"count":0}}
{"timestamp":"2025-12-26T12:39:09.570Z","event":"doctor_results_viewed","userId":"eb231f49-d2a3-42bf-9982-fa15b7d26d87","ip":"::1","details":{"count":0}}
{"timestamp":"2025-12-26T12:39:12.037Z","event":"doctor_patients_listed","userId":"eb231f49-d2a3-42bf-9982-fa15b7d26d87","ip":"::1","details":{"count":2}}
{"timestamp":"2025-12-26T12:39:23.842Z","event":"doctor_appointments_listed","userId":"eb231f49-d2a3-42bf-9982-fa15b7d26d87","ip":"::1","details":{"count":0}}
{"timestamp":"2025-12-26T13:21:45.593Z","event":"doctor_appointments_listed","userId":"eb231f49-d2a3-42bf-9982-fa15b7d26d87","ip":"::1","details":{"count":0}}
{"timestamp":"2025-12-26T13:22:00.804Z","event":"doctor_patients_listed","userId":"eb231f49-d2a3-42bf-9982-fa15b7d26d87","ip":"::1","details":{"count":2}}
{"timestamp":"2025-12-26T13:23:34.586Z","event":"doctor_patients_listed","userId":"eb231f49-d2a3-42bf-9982-fa15b7d26d87","ip":"::1","details":{"count":2}}
{"timestamp":"2025-12-26T13:23:48.358Z","event":"doctor_patients_listed","userId":"eb231f49-d2a3-42bf-9982-fa15b7d26d87","ip":"::1","details":{"count":2}}
{"timestamp":"2025-12-26T13:24:51.475Z","event":"doctor_patients_listed","userId":"eb231f49-d2a3-42bf-9982-fa15b7d26d87","ip":"::1","details":{"count":2}}
{"timestamp":"2025-12-26T13:36:59.396Z","event":"doctor_patients_listed","userId":"eb231f49-d2a3-42bf-9982-fa15b7d26d87","ip":"::1","details":{"count":2}}
{"timestamp":"2025-12-26T13:49:07.889Z","event":"doctor_patients_listed","userId":"eb231f49-d2a3-42bf-9982-fa15b7d26d87","ip":"::1","details":{"count":2}}
{"timestamp":"2025-12-26T13:49:51.265Z","event":"doctor_patients_listed","userId":"eb231f49-d2a3-42bf-9982-fa15b7d26d87","ip":"::1","details":{"count":2}}
{"timestamp":"2025-12-26T13:51:08.098Z","event":"doctor_patients_listed","userId":"eb231f49-d2a3-42bf-9982-fa15b7d26d87","ip":"::1","details":{"count":2}}
{"timestamp":"2025-12-26T13:51:49.092Z","event":"doctor_patients_listed","userId":"eb231f49-d2a3-42bf-9982-fa15b7d26d87","ip":"::1","details":{"count":2}}
{"timestamp":"2025-12-26T13:53:28.472Z","event":"doctor_patients_listed","userId":"eb231f49-d2a3-42bf-9982-fa15b7d26d87","ip":"::1","details":{"count":2}}
{"timestamp":"2025-12-26T13:53:55.759Z","event":"doctor_patients_listed","userId":"eb231f49-d2a3-42bf-9982-fa15b7d26d87","ip":"::1","details":{"count":2}}
{"timestamp":"2025-12-26T13:54:10.616Z","event":"doctor_patients_listed","userId":"eb231f49-d2a3-42bf-9982-fa15b7d26d87","ip":"::1","details":{"count":2}}
{"timestamp":"2025-12-26T13:55:42.308Z","event":"doctor_patients_listed","userId":"eb231f49-d2a3-42bf-9982-fa15b7d26d87","ip":"::1","details":{"count":2}}
{"timestamp":"2025-12-26T13:56:26.967Z","event":"doctor_patients_listed","userId":"eb231f49-d2a3-42bf-9982-fa15b7d26d87","ip":"::1","details":{"count":2}}
{"timestamp":"2025-12-26T13:58:05.764Z","event":"doctor_patients_listed","userId":"eb231f49-d2a3-42bf-9982-fa15b7d26d87","ip":"::1","details":{"count":2}}
{"timestamp":"2025-12-26T13:59:45.914Z","event":"doctor_patients_listed","userId":"eb231f49-d2a3-42bf-9982-fa15b7d26d87","ip":"::1","details":{"count":2}}
{"timestamp":"2025-12-26T14:00:06.026Z","event":"doctor_patients_listed","userId":"eb231f49-d2a3-42bf-9982-fa15b7d26d87","ip":"::1","details":{"count":2}}
{"timestamp":"2025-12-27T15:23:39.002Z","event":"admin_users_listed","userId":1,"ip":"::1","details":{"count":8}}
{"timestamp":"2025-12-27T15:50:25.121Z","event":"admin_users_listed","userId":1,"ip":"::1","details":{"count":8}}
{"timestamp":"2025-12-27T15:52:25.045Z","event":"admin_users_listed","userId":1,"ip":"::1","details":{"count":8}}
{"timestamp":"2025-12-27T15:54:07.846Z","event":"admin_users_listed","userId":1,"ip":"::1","details":{"count":8}}
{"timestamp":"2025-12-27T15:56:11.294Z","event":"admin_users_listed","userId":1,"ip":"::1","details":{"count":8}}
{"timestamp":"2025-12-27T15:58:01.884Z","event":"admin_users_listed","userId":1,"ip":"::1","details":{"count":8}}
{"timestamp":"2025-12-27T15:59:46.560Z","event":"admin_users_listed","userId":1,"ip":"::1","details":{"count":8}}
{"timestamp":"2025-12-27T16:01:04.673Z","event":"admin_users_listed","userId":1,"ip":"::1","details":{"count":8}}
{"timestamp":"2025-12-27T16:04:17.359Z","event":"admin_users_listed","userId":1,"ip":"::1","details":{"count":8}}
{"timestamp":"2025-12-27T16:06:44.452Z","event":"admin_users_listed","userId":1,"ip":"::1","details":{"count":8}}
{"timestamp":"2025-12-27T16:08:12.211Z","event":"admin_users_listed","userId":1,"ip":"::1","details":{"count":8}}
{"timestamp":"2025-12-27T16:10:23.480Z","event":"admin_users_listed","userId":1,"ip":"::1","details":{"count":8}}
{"timestamp":"2025-12-27T16:13:23.363Z","event":"admin_users_listed","userId":1,"ip":"::1","details":{"count":8}}
{"timestamp":"2025-12-27T16:16:41.409Z","event":"admin_users_listed","userId":1,"ip":"::1","details":{"count":8}}
{"timestamp":"2025-12-27T16:18:22.382Z","event":"admin_users_listed","userId":1,"ip":"::1","details":{"count":8}}
{"timestamp":"2025-12-27T16:19:51.971Z","event":"admin_users_listed","userId":1,"ip":"::1","details":{"count":8}}
{"timestamp":"2025-12-27T16:21:04.348Z","event":"admin_users_listed","userId":1,"ip":"::1","details":{"count":8}}
{"timestamp":"2025-12-27T16:23:51.859Z","event":"admin_users_listed","userId":1,"ip":"::1","details":{"count":8}}
{"timestamp":"2025-12-27T16:25:46.860Z","event":"admin_users_listed","userId":1,"ip":"::1","details":{"count":8}}
{"timestamp":"2025-12-27T16:27:00.645Z","event":"admin_users_listed","userId":1,"ip":"::1","details":{"count":8}}
{"timestamp":"2025-12-27T16:27:58.912Z","event":"admin_users_listed","userId":1,"ip":"::1","details":{"count":8}}
{"timestamp":"2025-12-27T16:28:24.834Z","event":"admin_users_listed","userId":1,"ip":"::1","details":{"count":8}}
{"timestamp":"2025-12-27T16:29:58.366Z","event":"admin_users_listed","userId":1,"ip":"::1","details":{"count":8}}
{"timestamp":"2025-12-27T16:32:06.429Z","event":"admin_users_listed","userId":1,"ip":"::1","details":{"count":8}}
{"timestamp":"2025-12-27T16:35:11.296Z","event":"admin_users_listed","userId":1,"ip":"::1","details":{"count":8}}
{"timestamp":"2025-12-27T16:36:07.644Z","event":"admin_users_listed","userId":1,"ip":"::1","details":{"count":8}}
{"timestamp":"2025-12-27T16:40:32.094Z","event":"admin_doctors_listed","userId":"7d145711-c273-4189-9bfb-c8cff8690f29","ip":"::1","details":{"count":3}}
{"timestamp":"2025-12-27T16:40:59.719Z","event":"admin_users_listed","userId":"7d145711-c273-4189-9bfb-c8cff8690f29","ip":"::1","details":{"count":8}}
{"timestamp":"2025-12-27T16:41:11.598Z","event":"admin_doctors_listed","userId":"7d145711-c273-4189-9bfb-c8cff8690f29","ip":"::1","details":{"count":3}}
{"timestamp":"2025-12-27T16:41:13.038Z","event":"admin_patients_listed","userId":"7d145711-c273-4189-9bfb-c8cff8690f29","ip":"::1","details":{"count":3}}
{"timestamp":"2025-12-27T16:41:25.166Z","event":"admin_doctors_listed","userId":"7d145711-c273-4189-9bfb-c8cff8690f29","ip":"::1","details":{"count":3}}
{"timestamp":"2025-12-27T16:42:36.769Z","event":"admin_users_listed","userId":1,"ip":"::1","details":{"count":8}}
{"timestamp":"2025-12-27T16:45:39.047Z","event":"admin_users_listed","userId":1,"ip":"::1","details":{"count":8}}
{"timestamp":"2025-12-27T16:55:28.813Z","event":"admin_users_listed","userId":1,"ip":"::1","details":{"count":8}}
{"timestamp":"2025-12-27T16:58:51.018Z","event":"admin_users_listed","userId":1,"ip":"::1","details":{"count":8}}
{"timestamp":"2025-12-27T16:59:33.475Z","event":"admin_users_listed","userId":1,"ip":"::1","details":{"count":8}}
{"timestamp":"2025-12-27T17:01:22.358Z","event":"admin_doctors_listed","userId":"7d145711-c273-4189-9bfb-c8cff8690f29","ip":"::1","details":{"count":3}}
{"timestamp":"2025-12-27T17:01:23.479Z","event":"admin_doctors_listed","userId":"7d145711-c273-4189-9bfb-c8cff8690f29","ip":"::1","details":{"count":3}}
{"timestamp":"2025-12-27T17:01:33.797Z","event":"admin_doctors_listed","userId":"7d145711-c273-4189-9bfb-c8cff8690f29","ip":"::1","details":{"count":3}}
{"timestamp":"2025-12-27T17:01:34.537Z","event":"admin_doctors_listed","userId":"7d145711-c273-4189-9bfb-c8cff8690f29","ip":"::1","details":{"count":3}}
{"timestamp":"2025-12-27T17:02:10.372Z","event":"admin_doctors_listed","userId":"7d145711-c273-4189-9bfb-c8cff8690f29","ip":"::1","details":{"count":3}}
{"timestamp":"2025-12-27T17:02:35.401Z","event":"admin_doctors_listed","userId":"7d145711-c273-4189-9bfb-c8cff8690f29","ip":"::1","details":{"count":3}}
{"timestamp":"2025-12-27T17:02:35.652Z","event":"admin_doctors_listed","userId":"7d145711-c273-4189-9bfb-c8cff8690f29","ip":"::1","details":{"count":3}}
{"timestamp":"2025-12-27T17:03:29.774Z","event":"admin_doctors_listed","userId":"7d145711-c273-4189-9bfb-c8cff8690f29","ip":"::1","details":{"count":3}}
{"timestamp":"2025-12-27T17:03:49.566Z","event":"admin_doctors_listed","userId":"7d145711-c273-4189-9bfb-c8cff8690f29","ip":"::1","details":{"count":3}}
{"timestamp":"2025-12-27T17:03:54.505Z","event":"admin_doctors_listed","userId":"7d145711-c273-4189-9bfb-c8cff8690f29","ip":"::1","details":{"count":3}}
{"timestamp":"2025-12-27T17:03:54.702Z","event":"admin_doctors_listed","userId":"7d145711-c273-4189-9bfb-c8cff8690f29","ip":"::1","details":{"count":3}}
{"timestamp":"2025-12-27T17:04:01.245Z","event":"admin_doctors_listed","userId":"7d145711-c273-4189-9bfb-c8cff8690f29","ip":"::1","details":{"count":3}}
{"timestamp":"2025-12-27T17:04:02.516Z","event":"admin_doctors_listed","userId":"7d145711-c273-4189-9bfb-c8cff8690f29","ip":"::1","details":{"count":3}}
{"timestamp":"2025-12-27T17:04:14.525Z","event":"admin_doctors_listed","userId":"7d145711-c273-4189-9bfb-c8cff8690f29","ip":"::1","details":{"count":3}}
{"timestamp":"2025-12-27T17:10:03.399Z","event":"admin_doctors_listed","userId":"7d145711-c273-4189-9bfb-c8cff8690f29","ip":"::1","details":{"count":3}}
{"timestamp":"2025-12-27T17:10:04.037Z","event":"admin_doctors_listed","userId":"7d145711-c273-4189-9bfb-c8cff8690f29","ip":"::1","details":{"count":3}}
{"timestamp":"2025-12-27T17:10:43.137Z","event":"admin_doctors_listed","userId":"7d145711-c273-4189-9bfb-c8cff8690f29","ip":"::1","details":{"count":3}}
{"timestamp":"2025-12-27T17:10:43.591Z","event":"admin_doctors_listed","userId":"7d145711-c273-4189-9bfb-c8cff8690f29","ip":"::1","details":{"count":3}}
{"timestamp":"2025-12-27T17:10:53.467Z","event":"admin_doctors_listed","userId":"7d145711-c273-4189-9bfb-c8cff8690f29","ip":"::1","details":{"count":3}}
{"timestamp":"2025-12-27T17:11:42.007Z","event":"patient_dashboard_stats_viewed","userId":"49ce903a-6128-44a9-aa39-0c00b2f8b8da","ip":"::1","details":{"patientId":"c912cfcf-d4d9-4c0c-ac0e-d8652a4749a9"}}
{"timestamp":"2025-12-27T17:12:08.757Z","event":"patient_dashboard_stats_viewed","userId":"49ce903a-6128-44a9-aa39-0c00b2f8b8da","ip":"::1","details":{"patientId":"c912cfcf-d4d9-4c0c-ac0e-d8652a4749a9"}}
{"timestamp":"2025-12-27T17:12:08.785Z","event":"patient_dashboard_stats_viewed","userId":"49ce903a-6128-44a9-aa39-0c00b2f8b8da","ip":"::1","details":{"patientId":"c912cfcf-d4d9-4c0c-ac0e-d8652a4749a9"}}
{"timestamp":"2025-12-27T17:12:27.482Z","event":"patient_results_viewed","userId":"49ce903a-6128-44a9-aa39-0c00b2f8b8da","ip":"::1","details":{"count":0}}
{"timestamp":"2025-12-27T17:12:27.565Z","event":"patient_results_viewed","userId":"49ce903a-6128-44a9-aa39-0c00b2f8b8da","ip":"::1","details":{"count":0}}
{"timestamp":"2025-12-27T17:12:36.684Z","event":"patient_chats_listed","userId":"49ce903a-6128-44a9-aa39-0c00b2f8b8da","ip":"::1","details":{"chatCount":1}}
{"timestamp":"2025-12-27T17:12:36.783Z","event":"patient_chats_listed","userId":"49ce903a-6128-44a9-aa39-0c00b2f8b8da","ip":"::1","details":{"chatCount":1}}
{"timestamp":"2025-12-27T17:13:08.366Z","event":"patient_profile_viewed","userId":"49ce903a-6128-44a9-aa39-0c00b2f8b8da","ip":"::1","details":{"patientId":"c912cfcf-d4d9-4c0c-ac0e-d8652a4749a9"}}
{"timestamp":"2025-12-27T17:13:08.426Z","event":"patient_profile_viewed","userId":"49ce903a-6128-44a9-aa39-0c00b2f8b8da","ip":"::1","details":{"patientId":"c912cfcf-d4d9-4c0c-ac0e-d8652a4749a9"}}
{"timestamp":"2025-12-27T17:21:21.692Z","event":"admin_doctors_listed","userId":"7d145711-c273-4189-9bfb-c8cff8690f29","ip":"::1","details":{"count":3}}
